core_cm3.h:1762:34:__NVIC_SystemReset	4	static,ignoring_inline_asm
stm32f1_sys.c:42:6:HAL_MspInit	8	static
stm32f1_sys.c:71:6:SYS_NVIC_PriorityGrouping	8	static
stm32f1_sys.c:78:6:Delay_ms	16	static
stm32f1_sys.c:122:6:SYS_ClockConfig	72	static
stm32f1_sys.c:193:6:SYS_la_fonction_qui_fou_la_merde	4	static,ignoring_inline_asm
unistd.h:18:6:_exit	16	static
stm32f1_sys.c:233:5:_open	12	static
stm32f1_sys.c:240:5:_close	16	static
stm32f1_sys.c:258:5:_execve	24	static
stm32f1_sys.c:268:5:_fork	8	static
stm32f1_sys.c:280:5:_fstat	16	static
stm32f1_sys.c:290:5:_getpid	4	static
stm32f1_sys.c:299:5:_isatty	16	static
stm32f1_sys.c:317:5:_kill	16	static
stm32f1_sys.c:327:5:_link	16	static
stm32f1_sys.c:337:5:_lseek	24	static
stm32f1_sys.c:388:9:_sbrk	24	static
stm32f1_sys.c:412:8:_sbrk_r	24	static
stm32f1_sys.c:424:6:malloc_test	184	static
stm32f1_sys.c:459:6:SYS_set_std_usart	16	static
stm32f1_sys.c:474:5:_read	40	static
stm32f1_sys.c:503:5:_stat	16	static
stm32f1_sys.c:513:9:_times	16	static
stm32f1_sys.c:522:5:_unlink	16	static
stm32f1_sys.c:532:5:_wait	16	static
stm32f1_sys.c:543:5:_write	32	static
stm32f1_sys.c:579:10:dump_printf	272	static
stm32f1_sys.c:597:6:assert_failed	16	static
stm32f1_sys.c:604:6:dump_trap_info	32	static,ignoring_inline_asm
stm32f1_sys.c:669:29:Fault_Handler	0	static,ignoring_inline_asm
stm32f1_sys.c:693:6:NMI_Handler	8	static
stm32f1_sys.c:698:6:SVC_Handler	8	static
stm32f1_sys.c:703:6:DebugMon_Handler	8	static
stm32f1_sys.c:708:6:PendSV_Handler	8	static
