player.c:35:12:getPlayer	4	static
player.c:44:14:getCooldown	4	static
player.c:54:6:setPosPlayer	16	static
player.c:63:6:initPlayer	4	static
player.c:91:6:update_playerMovement	24	static
player.c:137:6:applyGravity	4	static
player.c:144:6:jump	4	static
player.c:153:6:checkCollision	24	static
player.c:287:6:rightCollision	24	static
player.c:298:6:leftCollision	24	static
player.c:309:6:bottomCollision	24	static
player.c:320:6:topCollision	24	static
player.c:328:6:shoot	4	static
player.c:332:6:death	4	static
player.c:336:6:damaged	16	static
player.c:340:6:updatePlayerStatus	4	static
player.c:369:6:drawPlayer	32	static
player.c:395:6:updatePlayer	8	static
