player.c:37:12:getPlayer	4	static
player.c:46:14:getCooldown	4	static
player.c:55:6:getFacingRight	4	static
player.c:65:6:setPosPlayer	16	static
player.c:75:6:setPlayerStatus	16	static
player.c:83:6:initPlayer	4	static
player.c:117:6:update_playerMovement	16	static
player.c:177:6:applyGravity	4	static
player.c:185:6:jump	4	static
player.c:203:6:dash	8	static
player.c:217:6:checkDeath	16	static
player.c:227:6:checkCollision	16	static
player.c:341:6:rightCollision	24	static
player.c:352:6:leftCollision	24	static
player.c:363:6:bottomCollision	24	static
player.c:374:6:topCollision	24	static
player.c:382:6:checkEndingPointCollision	16	static
player.c:407:6:updatePlayerStatus	8	static
player.c:449:6:drawPlayer	32	static
player.c:475:6:updatePlayer	8	static
